// Vitest Snapshot v1

exports[`TabView > renders TabView properly 1`] = `
<div>
  <div
    class="sc-bdvvtL eukWAO"
  >
    <div
      class="sc-gsDKAQ lfSFVJ"
    >
      <a
        class="sc-dkPtRN htQWIk"
      >
        Tab 1
      </a>
      <a
        class="sc-dkPtRN pjDii"
      >
        Tab 2
      </a>
      <a
        class="sc-dkPtRN dBSncu"
        disabled=""
      >
        Tab 3
      </a>
    </div>
    <div
      class="sc-hKwDye fyhOfe"
    >
      <h4>
        Tab Content here
      </h4>
    </div>
  </div>
</div>
`;
