// Vitest Snapshot v1

exports[`Card > renders with custom props 1`] = `
<div
  class="sc-bdvvtL fKFwXa"
  radius="xxhuge"
/>
`;

exports[`Card > renders with default props 1`] = `
<div
  class="sc-bdvvtL gCAtDt"
/>
`;
