// Vitest Snapshot v1

exports[`Alert > renders properly 1`] = `
<div
  class="sc-dIfARi bTnCPz"
>
  <div
    class="sc-dmctIk fhryCP"
  >
    <span
      class="sc-bBABsx jNPQCs"
    >
      Foo
    </span>
  </div>
</div>
`;
