// Vitest Snapshot v1

exports[`NotificationDot > renders 1`] = `
<div
  class="sc-gEvEer iNyIYE"
>
  Foo
</div>
`;
