// Vitest Snapshot v1

exports[`Card > renders with custom props 1`] = `
<div
  class="sc-bcXHqe kmkxeo"
  radius="xxhuge"
/>
`;

exports[`Card > renders with default props 1`] = `
<div
  class="sc-bcXHqe dWgcFr"
/>
`;
