// Vitest Snapshot v1

exports[`Box > renders with custom styles 1`] = `
<div
  class="sc-aXZVg dnhOFF"
  direction="row"
/>
`;

exports[`Box > renders with default style 1`] = `
<div
  class="sc-aXZVg iviBaG"
/>
`;
