// Vitest Snapshot v1

exports[`CheckBoxGroup Component > should match snapshot 1`] = `
{
  "asFragment": [Function],
  "baseElement": <body>
    <div>
      <div
        class="sc-gFqAkR cbhzNS"
      >
        <label
          class="sc-cPiKLX gQejGr"
          color="neutral"
          for="pebbles__input__1"
          type="overlineXSmall"
        >
           
        </label>
        <div
          class="sc-hmdomO jqEVRc"
        >
          <div
            style="padding: 10px 12px;"
          >
            <label
              class="sc-eDPEul kSKwvk"
              for="A"
            >
              <div
                class="sc-eldPxv aBlwZ"
              >
                A
              </div>
              <input
                checked=""
                class="sc-fPXMVe zzeoB"
                id="A"
                type="checkbox"
              />
              <span
                class="sc-dLMFU gCsEgs"
              />
            </label>
            <label
              class="sc-eDPEul kSKwvk"
              for="B"
            >
              <div
                class="sc-eldPxv aBlwZ"
              >
                B
              </div>
              <input
                class="sc-fPXMVe zzeoB"
                id="B"
                type="checkbox"
              />
              <span
                class="sc-dLMFU gCsEgs"
              />
            </label>
            <label
              class="sc-eDPEul kSKwvk"
              for="C"
            >
              <div
                class="sc-eldPxv aBlwZ"
              >
                C
              </div>
              <input
                checked=""
                class="sc-fPXMVe zzeoB"
                id="C"
                type="checkbox"
              />
              <span
                class="sc-dLMFU gCsEgs"
              />
            </label>
          </div>
        </div>
      </div>
    </div>
  </body>,
  "container": <div>
    <div
      class="sc-gFqAkR cbhzNS"
    >
      <label
        class="sc-cPiKLX gQejGr"
        color="neutral"
        for="pebbles__input__1"
        type="overlineXSmall"
      >
         
      </label>
      <div
        class="sc-hmdomO jqEVRc"
      >
        <div
          style="padding: 10px 12px;"
        >
          <label
            class="sc-eDPEul kSKwvk"
            for="A"
          >
            <div
              class="sc-eldPxv aBlwZ"
            >
              A
            </div>
            <input
              checked=""
              class="sc-fPXMVe zzeoB"
              id="A"
              type="checkbox"
            />
            <span
              class="sc-dLMFU gCsEgs"
            />
          </label>
          <label
            class="sc-eDPEul kSKwvk"
            for="B"
          >
            <div
              class="sc-eldPxv aBlwZ"
            >
              B
            </div>
            <input
              class="sc-fPXMVe zzeoB"
              id="B"
              type="checkbox"
            />
            <span
              class="sc-dLMFU gCsEgs"
            />
          </label>
          <label
            class="sc-eDPEul kSKwvk"
            for="C"
          >
            <div
              class="sc-eldPxv aBlwZ"
            >
              C
            </div>
            <input
              checked=""
              class="sc-fPXMVe zzeoB"
              id="C"
              type="checkbox"
            />
            <span
              class="sc-dLMFU gCsEgs"
            />
          </label>
        </div>
      </div>
    </div>
  </div>,
  "debug": [Function],
  "findAllByAltText": [Function],
  "findAllByDisplayValue": [Function],
  "findAllByLabelText": [Function],
  "findAllByPlaceholderText": [Function],
  "findAllByRole": [Function],
  "findAllByTestId": [Function],
  "findAllByText": [Function],
  "findAllByTitle": [Function],
  "findByAltText": [Function],
  "findByDisplayValue": [Function],
  "findByLabelText": [Function],
  "findByPlaceholderText": [Function],
  "findByRole": [Function],
  "findByTestId": [Function],
  "findByText": [Function],
  "findByTitle": [Function],
  "getAllByAltText": [Function],
  "getAllByDisplayValue": [Function],
  "getAllByLabelText": [Function],
  "getAllByPlaceholderText": [Function],
  "getAllByRole": [Function],
  "getAllByTestId": [Function],
  "getAllByText": [Function],
  "getAllByTitle": [Function],
  "getByAltText": [Function],
  "getByDisplayValue": [Function],
  "getByLabelText": [Function],
  "getByPlaceholderText": [Function],
  "getByRole": [Function],
  "getByTestId": [Function],
  "getByText": [Function],
  "getByTitle": [Function],
  "queryAllByAltText": [Function],
  "queryAllByDisplayValue": [Function],
  "queryAllByLabelText": [Function],
  "queryAllByPlaceholderText": [Function],
  "queryAllByRole": [Function],
  "queryAllByTestId": [Function],
  "queryAllByText": [Function],
  "queryAllByTitle": [Function],
  "queryByAltText": [Function],
  "queryByDisplayValue": [Function],
  "queryByLabelText": [Function],
  "queryByPlaceholderText": [Function],
  "queryByRole": [Function],
  "queryByTestId": [Function],
  "queryByText": [Function],
  "queryByTitle": [Function],
  "rerender": [Function],
  "unmount": [Function],
}
`;
